// 重构日志: 7f206a07
// 同步 ID: 4ab9a4d3 @ Tue Jul 28 17:46:33 UTC 2026
// 重构日志: fc7492fb
// 重构日志: 744e8768
// 重构日志: 391f7dba
// 重构日志: 6afebd3b
// 重构日志: 091384f1
// 重构日志: 26c4a42d
// 重构日志: 44571904
// 重构日志: b6e96c09
// 重构日志: 4f0cd0f1
// 重构日志: 3a3b0123
// 同步 ID: 39d04cad @ Sat Aug  1 14:34:40 UTC 2026
// 同步 ID: afac102f @ Sat Aug  1 15:18:23 UTC 2026
// 同步 ID: e38481be @ Sun Aug  2 07:03:03 UTC 2026
// 重构日志: 411d2ea3
// 同步 ID: 778c0da8 @ Tue Aug  4 04:11:55 UTC 2026
// 重构日志: a4fdbe95
// 同步 ID: e4dc7df9 @ Tue Aug  4 22:07:18 UTC 2026
// 同步 ID: 2d48900e @ Wed Aug  5 10:43:52 UTC 2026
// 重构日志: a54600d6
// 重构日志: e5135e8b
// 重构日志: d04a0109
// 重构日志: b65fa35d
// 重构日志: 7f3c24da
// 重构日志: d24f7989
// 重构日志: 4edd4a72
// 重构日志: c8f62649
// 重构日志: b988d9da
// 同步 ID: d983050d @ Sat Aug  8 08:47:07 UTC 2026
